INFO  @ 18 Jul 2026 02:07:04: [34 MB] 
# Command line: callpeak -t ER_10nM_sorted.bam -c ER_10nM_input_sorted.bam -f BAM -g hs -n ER_10nM_real -q 0.05 --outdir /home/yq139/alu_brca/part5_dose_switch/results/macs_real
# ARGUMENTS LIST:
# name = ER_10nM_real
# format = BAM
# ChIP-seq file = ['ER_10nM_sorted.bam']
# control file = ['ER_10nM_input_sorted.bam']
# effective genome size = 2.91e+09
# band width = 300
# model fold = [5, 50]
# qvalue cutoff = 5.00e-02
# The maximum gap between significant sites is assigned as the read length/tag size.
# The minimum length of peaks is assigned as the predicted fragment length "d".
# Larger dataset will be scaled towards smaller dataset.
# Range for calculating regional lambda is: 1000 bps and 10000 bps
# Broad region calling is off
# Paired-End mode is off
 
INFO  @ 18 Jul 2026 02:07:04: [34 MB] #1 read tag files... 
INFO  @ 18 Jul 2026 02:07:04: [34 MB] #1 read treatment tags... 
INFO  @ 18 Jul 2026 02:07:07: [64 MB]  1000000 reads parsed 
INFO  @ 18 Jul 2026 02:07:11: [68 MB]  2000000 reads parsed 
INFO  @ 18 Jul 2026 02:07:14: [76 MB]  3000000 reads parsed 
INFO  @ 18 Jul 2026 02:07:17: [78 MB]  4000000 reads parsed 
INFO  @ 18 Jul 2026 02:07:20: [81 MB]  5000000 reads parsed 
INFO  @ 18 Jul 2026 02:07:23: [88 MB]  6000000 reads parsed 
INFO  @ 18 Jul 2026 02:07:26: [92 MB]  7000000 reads parsed 
INFO  @ 18 Jul 2026 02:07:29: [95 MB]  8000000 reads parsed 
INFO  @ 18 Jul 2026 02:07:32: [112 MB]  9000000 reads parsed 
INFO  @ 18 Jul 2026 02:07:34: [112 MB]  10000000 reads parsed 
INFO  @ 18 Jul 2026 02:07:37: [112 MB]  11000000 reads parsed 
INFO  @ 18 Jul 2026 02:07:40: [112 MB]  12000000 reads parsed 
INFO  @ 18 Jul 2026 02:07:43: [120 MB]  13000000 reads parsed 
INFO  @ 18 Jul 2026 02:07:46: [120 MB]  14000000 reads parsed 
INFO  @ 18 Jul 2026 02:07:49: [121 MB]  15000000 reads parsed 
INFO  @ 18 Jul 2026 02:07:52: [121 MB]  16000000 reads parsed 
INFO  @ 18 Jul 2026 02:07:55: [132 MB]  17000000 reads parsed 
INFO  @ 18 Jul 2026 02:07:58: [139 MB]  18000000 reads parsed 
INFO  @ 18 Jul 2026 02:08:01: [144 MB]  19000000 reads parsed 
INFO  @ 18 Jul 2026 02:08:04: [144 MB]  20000000 reads parsed 
INFO  @ 18 Jul 2026 02:08:07: [149 MB]  21000000 reads parsed 
INFO  @ 18 Jul 2026 02:08:10: [149 MB]  22000000 reads parsed 
INFO  @ 18 Jul 2026 02:08:13: [155 MB]  23000000 reads parsed 
INFO  @ 18 Jul 2026 02:08:17: [168 MB]  24000000 reads parsed 
INFO  @ 18 Jul 2026 02:08:20: [168 MB]  25000000 reads parsed 
INFO  @ 18 Jul 2026 02:08:23: [169 MB]  26000000 reads parsed 
INFO  @ 18 Jul 2026 02:08:26: [180 MB]  27000000 reads parsed 
INFO  @ 18 Jul 2026 02:08:29: [180 MB]  28000000 reads parsed 
INFO  @ 18 Jul 2026 02:08:32: [180 MB]  29000000 reads parsed 
INFO  @ 18 Jul 2026 02:08:35: [186 MB]  30000000 reads parsed 
INFO  @ 18 Jul 2026 02:08:38: [193 MB]  31000000 reads parsed 
INFO  @ 18 Jul 2026 02:08:41: [195 MB]  32000000 reads parsed 
INFO  @ 18 Jul 2026 02:08:44: [197 MB]  33000000 reads parsed 
INFO  @ 18 Jul 2026 02:08:47: [199 MB]  34000000 reads parsed 
INFO  @ 18 Jul 2026 02:08:50: [212 MB]  35000000 reads parsed 
INFO  @ 18 Jul 2026 02:08:53: [215 MB]  36000000 reads parsed 
INFO  @ 18 Jul 2026 02:08:56: [218 MB]  37000000 reads parsed 
INFO  @ 18 Jul 2026 02:08:59: [219 MB]  38000000 reads parsed 
INFO  @ 18 Jul 2026 02:09:02: [231 MB]  39000000 reads parsed 
INFO  @ 18 Jul 2026 02:09:05: [234 MB]  40000000 reads parsed 
INFO  @ 18 Jul 2026 02:09:09: [234 MB]  41000000 reads parsed 
INFO  @ 18 Jul 2026 02:09:12: [234 MB]  42000000 reads parsed 
INFO  @ 18 Jul 2026 02:09:16: [237 MB]  43000000 reads parsed 
INFO  @ 18 Jul 2026 02:09:19: [247 MB]  44000000 reads parsed 
INFO  @ 18 Jul 2026 02:09:22: [247 MB]  45000000 reads parsed 
INFO  @ 18 Jul 2026 02:09:25: [247 MB]  46000000 reads parsed 
INFO  @ 18 Jul 2026 02:09:28: [257 MB]  47000000 reads parsed 
INFO  @ 18 Jul 2026 02:09:31: [260 MB]  48000000 reads parsed 
INFO  @ 18 Jul 2026 02:09:34: [260 MB]  49000000 reads parsed 
INFO  @ 18 Jul 2026 02:09:37: [263 MB]  50000000 reads parsed 
INFO  @ 18 Jul 2026 02:09:40: [293 MB] 50867158 reads have been read. 
INFO  @ 18 Jul 2026 02:09:40: [293 MB] #1.2 read input tags... 
INFO  @ 18 Jul 2026 02:09:43: [308 MB]  1000000 reads parsed 
INFO  @ 18 Jul 2026 02:09:47: [318 MB]  2000000 reads parsed 
INFO  @ 18 Jul 2026 02:09:50: [324 MB]  3000000 reads parsed 
INFO  @ 18 Jul 2026 02:09:53: [324 MB]  4000000 reads parsed 
INFO  @ 18 Jul 2026 02:09:56: [329 MB]  5000000 reads parsed 
INFO  @ 18 Jul 2026 02:09:59: [334 MB]  6000000 reads parsed 
INFO  @ 18 Jul 2026 02:10:02: [338 MB]  7000000 reads parsed 
INFO  @ 18 Jul 2026 02:10:05: [339 MB]  8000000 reads parsed 
INFO  @ 18 Jul 2026 02:10:08: [342 MB]  9000000 reads parsed 
INFO  @ 18 Jul 2026 02:10:11: [349 MB]  10000000 reads parsed 
INFO  @ 18 Jul 2026 02:10:14: [360 MB]  11000000 reads parsed 
INFO  @ 18 Jul 2026 02:10:17: [363 MB]  12000000 reads parsed 
INFO  @ 18 Jul 2026 02:10:20: [363 MB]  13000000 reads parsed 
INFO  @ 18 Jul 2026 02:10:24: [363 MB]  14000000 reads parsed 
INFO  @ 18 Jul 2026 02:10:27: [367 MB]  15000000 reads parsed 
INFO  @ 18 Jul 2026 02:10:30: [379 MB]  16000000 reads parsed 
INFO  @ 18 Jul 2026 02:10:33: [379 MB]  17000000 reads parsed 
INFO  @ 18 Jul 2026 02:10:36: [381 MB]  18000000 reads parsed 
INFO  @ 18 Jul 2026 02:10:39: [382 MB]  19000000 reads parsed 
INFO  @ 18 Jul 2026 02:10:42: [390 MB]  20000000 reads parsed 
INFO  @ 18 Jul 2026 02:10:45: [398 MB]  21000000 reads parsed 
INFO  @ 18 Jul 2026 02:10:48: [398 MB]  22000000 reads parsed 
INFO  @ 18 Jul 2026 02:10:52: [402 MB]  23000000 reads parsed 
INFO  @ 18 Jul 2026 02:10:55: [407 MB]  24000000 reads parsed 
INFO  @ 18 Jul 2026 02:10:58: [407 MB]  25000000 reads parsed 
INFO  @ 18 Jul 2026 02:11:01: [414 MB]  26000000 reads parsed 
INFO  @ 18 Jul 2026 02:11:04: [415 MB]  27000000 reads parsed 
INFO  @ 18 Jul 2026 02:11:07: [422 MB]  28000000 reads parsed 
INFO  @ 18 Jul 2026 02:11:10: [424 MB]  29000000 reads parsed 
INFO  @ 18 Jul 2026 02:11:13: [429 MB]  30000000 reads parsed 
INFO  @ 18 Jul 2026 02:11:14: [450 MB] 30432749 reads have been read. 
INFO  @ 18 Jul 2026 02:11:15: [450 MB] #1 tag size is determined as 100 bps 
INFO  @ 18 Jul 2026 02:11:15: [450 MB] #1 tag size = 100.0 
INFO  @ 18 Jul 2026 02:11:15: [450 MB] #1  total tags in treatment: 50867158 
INFO  @ 18 Jul 2026 02:11:15: [450 MB] #1 user defined the maximum tags... 
INFO  @ 18 Jul 2026 02:11:15: [450 MB] #1 filter out redundant tags at the same location and the same strand by allowing at most 1 tag(s) 
INFO  @ 18 Jul 2026 02:11:26: [507 MB] #1  tags after filtering in treatment: 38680471 
INFO  @ 18 Jul 2026 02:11:26: [507 MB] #1  Redundant rate of treatment: 0.24 
INFO  @ 18 Jul 2026 02:11:26: [507 MB] #1  total tags in control: 30432749 
INFO  @ 18 Jul 2026 02:11:26: [507 MB] #1 user defined the maximum tags... 
INFO  @ 18 Jul 2026 02:11:26: [507 MB] #1 filter out redundant tags at the same location and the same strand by allowing at most 1 tag(s) 
INFO  @ 18 Jul 2026 02:11:33: [555 MB] #1  tags after filtering in control: 26122716 
INFO  @ 18 Jul 2026 02:11:33: [555 MB] #1  Redundant rate of control: 0.14 
INFO  @ 18 Jul 2026 02:11:33: [555 MB] #1 finished! 
INFO  @ 18 Jul 2026 02:11:33: [555 MB] #2 Build Peak Model... 
INFO  @ 18 Jul 2026 02:11:33: [555 MB] #2 looking for paired plus/minus strand peaks... 
INFO  @ 18 Jul 2026 02:11:49: [564 MB] #2 Total number of paired peaks: 8921 
INFO  @ 18 Jul 2026 02:11:55: [564 MB] #2 Model building with cross-correlation: Done 
INFO  @ 18 Jul 2026 02:11:55: [564 MB] #2 finished! 
INFO  @ 18 Jul 2026 02:11:55: [564 MB] #2 predicted fragment length is 183 bps 
INFO  @ 18 Jul 2026 02:11:55: [564 MB] #2 alternative fragment length(s) may be 183 bps 
INFO  @ 18 Jul 2026 02:11:55: [564 MB] #2.2 Generate R script for model : /home/yq139/alu_brca/part5_dose_switch/results/macs_real/ER_10nM_real_model.r 
WARNING @ 18 Jul 2026 02:11:55: [564 MB] #2 Since the d (183) calculated from paired-peaks are smaller than 2*tag length, it may be influenced by unknown sequencing problem! 
WARNING @ 18 Jul 2026 02:11:55: [564 MB] #2 You may need to consider one of the other alternative d(s): 183 
WARNING @ 18 Jul 2026 02:11:55: [564 MB] #2 You can restart the process with --nomodel --extsize XXX with your choice or an arbitrary number. Nontheless, MACS will continute computing. 
INFO  @ 18 Jul 2026 02:11:55: [564 MB] #3 Call peaks... 
INFO  @ 18 Jul 2026 02:11:55: [564 MB] #3 Pre-compute pvalue-qvalue table... 
INFO  @ 18 Jul 2026 02:18:20: [1706 MB] #3 Call peaks for each chromosome... 
INFO  @ 18 Jul 2026 02:19:30: [1706 MB] #4 Write output xls file... /home/yq139/alu_brca/part5_dose_switch/results/macs_real/ER_10nM_real_peaks.xls 
INFO  @ 18 Jul 2026 02:19:30: [1706 MB] #4 Write peak in narrowPeak format file... /home/yq139/alu_brca/part5_dose_switch/results/macs_real/ER_10nM_real_peaks.narrowPeak 
INFO  @ 18 Jul 2026 02:19:30: [1706 MB] #4 Write summits bed file... /home/yq139/alu_brca/part5_dose_switch/results/macs_real/ER_10nM_real_summits.bed 
INFO  @ 18 Jul 2026 02:19:30: [1706 MB] Done! 
