INFO  @ 17 Jul 2026 21:49:16: [34 MB] 
# Command line: callpeak -t ER_1nM_repAB_sorted.bam ER_1nM_repC_sorted.bam -c ER_1nM_input_repAB_sorted.bam IN_1nM_repC_sorted.bam -f BAM -g hs -n ER_1nM_real -q 0.05 --outdir /home/yq139/alu_brca/part5_dose_switch/results/macs_real
# ARGUMENTS LIST:
# name = ER_1nM_real
# format = BAM
# ChIP-seq file = ['ER_1nM_repAB_sorted.bam', 'ER_1nM_repC_sorted.bam']
# control file = ['ER_1nM_input_repAB_sorted.bam', 'IN_1nM_repC_sorted.bam']
# effective genome size = 2.91e+09
# band width = 300
# model fold = [5, 50]
# qvalue cutoff = 5.00e-02
# The maximum gap between significant sites is assigned as the read length/tag size.
# The minimum length of peaks is assigned as the predicted fragment length "d".
# Larger dataset will be scaled towards smaller dataset.
# Range for calculating regional lambda is: 1000 bps and 10000 bps
# Broad region calling is off
# Paired-End mode is off
 
INFO  @ 17 Jul 2026 21:49:16: [34 MB] #1 read tag files... 
INFO  @ 17 Jul 2026 21:49:16: [34 MB] #1 read treatment tags... 
INFO  @ 17 Jul 2026 21:49:19: [63 MB]  1000000 reads parsed 
INFO  @ 17 Jul 2026 21:49:22: [67 MB]  2000000 reads parsed 
INFO  @ 17 Jul 2026 21:49:25: [78 MB]  3000000 reads parsed 
INFO  @ 17 Jul 2026 21:49:28: [79 MB]  4000000 reads parsed 
INFO  @ 17 Jul 2026 21:49:31: [83 MB]  5000000 reads parsed 
INFO  @ 17 Jul 2026 21:49:33: [94 MB]  6000000 reads parsed 
INFO  @ 17 Jul 2026 21:49:36: [94 MB]  7000000 reads parsed 
INFO  @ 17 Jul 2026 21:49:39: [99 MB]  8000000 reads parsed 
INFO  @ 17 Jul 2026 21:49:42: [99 MB]  9000000 reads parsed 
INFO  @ 17 Jul 2026 21:49:45: [103 MB]  10000000 reads parsed 
INFO  @ 17 Jul 2026 21:49:48: [106 MB]  11000000 reads parsed 
INFO  @ 17 Jul 2026 21:49:51: [111 MB]  12000000 reads parsed 
INFO  @ 17 Jul 2026 21:49:54: [113 MB]  13000000 reads parsed 
INFO  @ 17 Jul 2026 21:49:57: [115 MB]  14000000 reads parsed 
INFO  @ 17 Jul 2026 21:50:00: [124 MB]  15000000 reads parsed 
INFO  @ 17 Jul 2026 21:50:03: [126 MB]  16000000 reads parsed 
INFO  @ 17 Jul 2026 21:50:06: [139 MB]  17000000 reads parsed 
INFO  @ 17 Jul 2026 21:50:08: [139 MB]  18000000 reads parsed 
INFO  @ 17 Jul 2026 21:50:11: [139 MB]  19000000 reads parsed 
INFO  @ 17 Jul 2026 21:50:14: [139 MB]  20000000 reads parsed 
INFO  @ 17 Jul 2026 21:50:17: [148 MB]  21000000 reads parsed 
INFO  @ 17 Jul 2026 21:50:20: [151 MB]  22000000 reads parsed 
INFO  @ 17 Jul 2026 21:50:23: [152 MB]  23000000 reads parsed 
INFO  @ 17 Jul 2026 21:50:26: [155 MB]  24000000 reads parsed 
INFO  @ 17 Jul 2026 21:50:29: [164 MB]  25000000 reads parsed 
INFO  @ 17 Jul 2026 21:50:32: [166 MB]  26000000 reads parsed 
INFO  @ 17 Jul 2026 21:50:35: [167 MB]  27000000 reads parsed 
INFO  @ 17 Jul 2026 21:50:38: [174 MB]  28000000 reads parsed 
INFO  @ 17 Jul 2026 21:50:41: [175 MB]  29000000 reads parsed 
INFO  @ 17 Jul 2026 21:50:44: [183 MB]  30000000 reads parsed 
INFO  @ 17 Jul 2026 21:50:47: [184 MB]  31000000 reads parsed 
INFO  @ 17 Jul 2026 21:50:50: [188 MB]  32000000 reads parsed 
INFO  @ 17 Jul 2026 21:50:50: [211 MB] 32166721 reads have been read. 
INFO  @ 17 Jul 2026 21:50:53: [234 MB]  1000000 reads parsed 
INFO  @ 17 Jul 2026 21:50:56: [236 MB]  2000000 reads parsed 
INFO  @ 17 Jul 2026 21:51:00: [237 MB]  3000000 reads parsed 
INFO  @ 17 Jul 2026 21:51:03: [251 MB]  4000000 reads parsed 
INFO  @ 17 Jul 2026 21:51:06: [253 MB]  5000000 reads parsed 
INFO  @ 17 Jul 2026 21:51:09: [255 MB]  6000000 reads parsed 
INFO  @ 17 Jul 2026 21:51:12: [262 MB]  7000000 reads parsed 
INFO  @ 17 Jul 2026 21:51:15: [263 MB]  8000000 reads parsed 
INFO  @ 17 Jul 2026 21:51:18: [271 MB]  9000000 reads parsed 
INFO  @ 17 Jul 2026 21:51:21: [271 MB]  10000000 reads parsed 
INFO  @ 17 Jul 2026 21:51:24: [274 MB]  11000000 reads parsed 
INFO  @ 17 Jul 2026 21:51:27: [282 MB]  12000000 reads parsed 
INFO  @ 17 Jul 2026 21:51:30: [282 MB]  13000000 reads parsed 
INFO  @ 17 Jul 2026 21:51:33: [282 MB]  14000000 reads parsed 
INFO  @ 17 Jul 2026 21:51:36: [301 MB]  15000000 reads parsed 
INFO  @ 17 Jul 2026 21:51:39: [304 MB]  16000000 reads parsed 
INFO  @ 17 Jul 2026 21:51:42: [304 MB]  17000000 reads parsed 
INFO  @ 17 Jul 2026 21:51:45: [305 MB]  18000000 reads parsed 
INFO  @ 17 Jul 2026 21:51:48: [305 MB]  19000000 reads parsed 
INFO  @ 17 Jul 2026 21:51:51: [311 MB]  20000000 reads parsed 
INFO  @ 17 Jul 2026 21:51:54: [319 MB]  21000000 reads parsed 
INFO  @ 17 Jul 2026 21:51:57: [319 MB]  22000000 reads parsed 
INFO  @ 17 Jul 2026 21:52:00: [335 MB]  23000000 reads parsed 
INFO  @ 17 Jul 2026 21:52:03: [335 MB]  24000000 reads parsed 
INFO  @ 17 Jul 2026 21:52:06: [336 MB]  25000000 reads parsed 
INFO  @ 17 Jul 2026 21:52:09: [342 MB]  26000000 reads parsed 
INFO  @ 17 Jul 2026 21:52:12: [342 MB]  27000000 reads parsed 
INFO  @ 17 Jul 2026 21:52:16: [342 MB]  28000000 reads parsed 
INFO  @ 17 Jul 2026 21:52:19: [354 MB]  29000000 reads parsed 
INFO  @ 17 Jul 2026 21:52:22: [356 MB]  30000000 reads parsed 
INFO  @ 17 Jul 2026 21:52:25: [356 MB]  31000000 reads parsed 
INFO  @ 17 Jul 2026 21:52:28: [360 MB]  32000000 reads parsed 
INFO  @ 17 Jul 2026 21:52:31: [373 MB]  33000000 reads parsed 
INFO  @ 17 Jul 2026 21:52:34: [373 MB]  34000000 reads parsed 
INFO  @ 17 Jul 2026 21:52:37: [379 MB]  35000000 reads parsed 
INFO  @ 17 Jul 2026 21:52:40: [379 MB]  36000000 reads parsed 
INFO  @ 17 Jul 2026 21:52:43: [384 MB]  37000000 reads parsed 
INFO  @ 17 Jul 2026 21:52:46: [387 MB]  38000000 reads parsed 
INFO  @ 17 Jul 2026 21:52:49: [390 MB]  39000000 reads parsed 
INFO  @ 17 Jul 2026 21:52:52: [400 MB]  40000000 reads parsed 
INFO  @ 17 Jul 2026 21:52:55: [400 MB]  41000000 reads parsed 
INFO  @ 17 Jul 2026 21:52:59: [409 MB]  42000000 reads parsed 
INFO  @ 17 Jul 2026 21:53:02: [412 MB]  43000000 reads parsed 
INFO  @ 17 Jul 2026 21:53:02: [412 MB] 43022881 reads have been read. 
INFO  @ 17 Jul 2026 21:53:02: [412 MB] #1.2 read input tags... 
INFO  @ 17 Jul 2026 21:53:05: [412 MB]  1000000 reads parsed 
INFO  @ 17 Jul 2026 21:53:08: [412 MB]  2000000 reads parsed 
INFO  @ 17 Jul 2026 21:53:11: [412 MB]  3000000 reads parsed 
INFO  @ 17 Jul 2026 21:53:13: [415 MB]  4000000 reads parsed 
INFO  @ 17 Jul 2026 21:53:16: [415 MB]  5000000 reads parsed 
INFO  @ 17 Jul 2026 21:53:19: [417 MB]  6000000 reads parsed 
INFO  @ 17 Jul 2026 21:53:22: [423 MB]  7000000 reads parsed 
INFO  @ 17 Jul 2026 21:53:25: [425 MB]  8000000 reads parsed 
INFO  @ 17 Jul 2026 21:53:28: [430 MB]  9000000 reads parsed 
INFO  @ 17 Jul 2026 21:53:31: [434 MB]  10000000 reads parsed 
INFO  @ 17 Jul 2026 21:53:34: [437 MB]  11000000 reads parsed 
INFO  @ 17 Jul 2026 21:53:37: [444 MB]  12000000 reads parsed 
INFO  @ 17 Jul 2026 21:53:40: [447 MB]  13000000 reads parsed 
INFO  @ 17 Jul 2026 21:53:40: [467 MB] 13106200 reads have been read. 
INFO  @ 17 Jul 2026 21:53:44: [490 MB]  1000000 reads parsed 
INFO  @ 17 Jul 2026 21:53:47: [498 MB]  2000000 reads parsed 
INFO  @ 17 Jul 2026 21:53:50: [507 MB]  3000000 reads parsed 
INFO  @ 17 Jul 2026 21:53:53: [509 MB]  4000000 reads parsed 
INFO  @ 17 Jul 2026 21:53:56: [515 MB]  5000000 reads parsed 
INFO  @ 17 Jul 2026 21:53:59: [517 MB]  6000000 reads parsed 
INFO  @ 17 Jul 2026 21:54:03: [517 MB]  7000000 reads parsed 
INFO  @ 17 Jul 2026 21:54:06: [520 MB]  8000000 reads parsed 
INFO  @ 17 Jul 2026 21:54:09: [520 MB]  9000000 reads parsed 
INFO  @ 17 Jul 2026 21:54:12: [520 MB]  10000000 reads parsed 
INFO  @ 17 Jul 2026 21:54:14: [524 MB] 10634476 reads have been read. 
INFO  @ 17 Jul 2026 21:54:14: [524 MB] #1 tag size is determined as 100 bps 
INFO  @ 17 Jul 2026 21:54:14: [524 MB] #1 tag size = 100.0 
INFO  @ 17 Jul 2026 21:54:14: [524 MB] #1  total tags in treatment: 75189602 
INFO  @ 17 Jul 2026 21:54:14: [524 MB] #1 user defined the maximum tags... 
INFO  @ 17 Jul 2026 21:54:14: [524 MB] #1 filter out redundant tags at the same location and the same strand by allowing at most 1 tag(s) 
INFO  @ 17 Jul 2026 21:54:30: [576 MB] #1  tags after filtering in treatment: 58488149 
INFO  @ 17 Jul 2026 21:54:30: [576 MB] #1  Redundant rate of treatment: 0.22 
INFO  @ 17 Jul 2026 21:54:30: [576 MB] #1  total tags in control: 23740676 
INFO  @ 17 Jul 2026 21:54:30: [576 MB] #1 user defined the maximum tags... 
INFO  @ 17 Jul 2026 21:54:30: [576 MB] #1 filter out redundant tags at the same location and the same strand by allowing at most 1 tag(s) 
INFO  @ 17 Jul 2026 21:54:36: [617 MB] #1  tags after filtering in control: 20142669 
INFO  @ 17 Jul 2026 21:54:36: [617 MB] #1  Redundant rate of control: 0.15 
INFO  @ 17 Jul 2026 21:54:36: [617 MB] #1 finished! 
INFO  @ 17 Jul 2026 21:54:36: [617 MB] #2 Build Peak Model... 
INFO  @ 17 Jul 2026 21:54:36: [617 MB] #2 looking for paired plus/minus strand peaks... 
INFO  @ 17 Jul 2026 21:55:00: [661 MB] #2 Total number of paired peaks: 5754 
INFO  @ 17 Jul 2026 21:55:07: [661 MB] #2 Model building with cross-correlation: Done 
INFO  @ 17 Jul 2026 21:55:07: [661 MB] #2 finished! 
INFO  @ 17 Jul 2026 21:55:07: [661 MB] #2 predicted fragment length is 178 bps 
INFO  @ 17 Jul 2026 21:55:07: [661 MB] #2 alternative fragment length(s) may be 178 bps 
INFO  @ 17 Jul 2026 21:55:07: [661 MB] #2.2 Generate R script for model : /home/yq139/alu_brca/part5_dose_switch/results/macs_real/ER_1nM_real_model.r 
WARNING @ 17 Jul 2026 21:55:07: [661 MB] #2 Since the d (178) calculated from paired-peaks are smaller than 2*tag length, it may be influenced by unknown sequencing problem! 
WARNING @ 17 Jul 2026 21:55:07: [661 MB] #2 You may need to consider one of the other alternative d(s): 178 
WARNING @ 17 Jul 2026 21:55:07: [661 MB] #2 You can restart the process with --nomodel --extsize XXX with your choice or an arbitrary number. Nontheless, MACS will continute computing. 
INFO  @ 17 Jul 2026 21:55:07: [661 MB] #3 Call peaks... 
INFO  @ 17 Jul 2026 21:55:07: [661 MB] #3 Pre-compute pvalue-qvalue table... 
INFO  @ 17 Jul 2026 22:01:34: [1796 MB] #3 Call peaks for each chromosome... 
INFO  @ 17 Jul 2026 22:02:42: [1796 MB] #4 Write output xls file... /home/yq139/alu_brca/part5_dose_switch/results/macs_real/ER_1nM_real_peaks.xls 
INFO  @ 17 Jul 2026 22:02:42: [1796 MB] #4 Write peak in narrowPeak format file... /home/yq139/alu_brca/part5_dose_switch/results/macs_real/ER_1nM_real_peaks.narrowPeak 
INFO  @ 17 Jul 2026 22:02:42: [1796 MB] #4 Write summits bed file... /home/yq139/alu_brca/part5_dose_switch/results/macs_real/ER_1nM_real_summits.bed 
INFO  @ 17 Jul 2026 22:02:42: [1796 MB] Done! 
