INFO  @ 17 Jul 2026 19:39:17: [34 MB] 
# Command line: callpeak -t ER_100pM_sorted.bam -c ER_100pM_input_sorted.bam -f BAM -g hs -n ER_100pM_real -q 0.05 --outdir /home/yq139/alu_brca/part5_dose_switch/results/macs_real
# ARGUMENTS LIST:
# name = ER_100pM_real
# format = BAM
# ChIP-seq file = ['ER_100pM_sorted.bam']
# control file = ['ER_100pM_input_sorted.bam']
# effective genome size = 2.91e+09
# band width = 300
# model fold = [5, 50]
# qvalue cutoff = 5.00e-02
# The maximum gap between significant sites is assigned as the read length/tag size.
# The minimum length of peaks is assigned as the predicted fragment length "d".
# Larger dataset will be scaled towards smaller dataset.
# Range for calculating regional lambda is: 1000 bps and 10000 bps
# Broad region calling is off
# Paired-End mode is off
 
INFO  @ 17 Jul 2026 19:39:17: [34 MB] #1 read tag files... 
INFO  @ 17 Jul 2026 19:39:17: [34 MB] #1 read treatment tags... 
INFO  @ 17 Jul 2026 19:39:20: [64 MB]  1000000 reads parsed 
INFO  @ 17 Jul 2026 19:39:23: [69 MB]  2000000 reads parsed 
INFO  @ 17 Jul 2026 19:39:26: [73 MB]  3000000 reads parsed 
INFO  @ 17 Jul 2026 19:39:29: [78 MB]  4000000 reads parsed 
INFO  @ 17 Jul 2026 19:39:32: [81 MB]  5000000 reads parsed 
INFO  @ 17 Jul 2026 19:39:35: [85 MB]  6000000 reads parsed 
INFO  @ 17 Jul 2026 19:39:38: [92 MB]  7000000 reads parsed 
INFO  @ 17 Jul 2026 19:39:41: [93 MB]  8000000 reads parsed 
INFO  @ 17 Jul 2026 19:39:44: [99 MB]  9000000 reads parsed 
INFO  @ 17 Jul 2026 19:39:47: [111 MB]  10000000 reads parsed 
INFO  @ 17 Jul 2026 19:39:50: [116 MB]  11000000 reads parsed 
INFO  @ 17 Jul 2026 19:39:53: [116 MB]  12000000 reads parsed 
INFO  @ 17 Jul 2026 19:39:56: [120 MB]  13000000 reads parsed 
INFO  @ 17 Jul 2026 19:39:59: [121 MB]  14000000 reads parsed 
INFO  @ 17 Jul 2026 19:40:02: [128 MB]  15000000 reads parsed 
INFO  @ 17 Jul 2026 19:40:05: [134 MB]  16000000 reads parsed 
INFO  @ 17 Jul 2026 19:40:08: [134 MB]  17000000 reads parsed 
INFO  @ 17 Jul 2026 19:40:11: [144 MB]  18000000 reads parsed 
INFO  @ 17 Jul 2026 19:40:14: [147 MB]  19000000 reads parsed 
INFO  @ 17 Jul 2026 19:40:17: [151 MB]  20000000 reads parsed 
INFO  @ 17 Jul 2026 19:40:20: [156 MB]  21000000 reads parsed 
INFO  @ 17 Jul 2026 19:40:23: [156 MB]  22000000 reads parsed 
INFO  @ 17 Jul 2026 19:40:26: [174 MB]  23000000 reads parsed 
INFO  @ 17 Jul 2026 19:40:29: [174 MB]  24000000 reads parsed 
INFO  @ 17 Jul 2026 19:40:32: [174 MB]  25000000 reads parsed 
INFO  @ 17 Jul 2026 19:40:35: [174 MB]  26000000 reads parsed 
INFO  @ 17 Jul 2026 19:40:38: [174 MB]  27000000 reads parsed 
INFO  @ 17 Jul 2026 19:40:41: [182 MB]  28000000 reads parsed 
INFO  @ 17 Jul 2026 19:40:44: [182 MB]  29000000 reads parsed 
INFO  @ 17 Jul 2026 19:40:47: [190 MB]  30000000 reads parsed 
INFO  @ 17 Jul 2026 19:40:50: [191 MB]  31000000 reads parsed 
INFO  @ 17 Jul 2026 19:40:53: [191 MB]  32000000 reads parsed 
INFO  @ 17 Jul 2026 19:40:56: [196 MB]  33000000 reads parsed 
INFO  @ 17 Jul 2026 19:40:59: [205 MB]  34000000 reads parsed 
INFO  @ 17 Jul 2026 19:41:02: [208 MB]  35000000 reads parsed 
INFO  @ 17 Jul 2026 19:41:05: [208 MB]  36000000 reads parsed 
INFO  @ 17 Jul 2026 19:41:08: [210 MB]  37000000 reads parsed 
INFO  @ 17 Jul 2026 19:41:11: [217 MB]  38000000 reads parsed 
INFO  @ 17 Jul 2026 19:41:14: [219 MB]  39000000 reads parsed 
INFO  @ 17 Jul 2026 19:41:17: [221 MB]  40000000 reads parsed 
INFO  @ 17 Jul 2026 19:41:20: [228 MB]  41000000 reads parsed 
INFO  @ 17 Jul 2026 19:41:23: [228 MB]  42000000 reads parsed 
INFO  @ 17 Jul 2026 19:41:26: [236 MB]  43000000 reads parsed 
INFO  @ 17 Jul 2026 19:41:28: [263 MB] 43689848 reads have been read. 
INFO  @ 17 Jul 2026 19:41:29: [263 MB] #1.2 read input tags... 
INFO  @ 17 Jul 2026 19:41:32: [279 MB]  1000000 reads parsed 
INFO  @ 17 Jul 2026 19:41:35: [282 MB]  2000000 reads parsed 
INFO  @ 17 Jul 2026 19:41:38: [286 MB]  3000000 reads parsed 
INFO  @ 17 Jul 2026 19:41:41: [295 MB]  4000000 reads parsed 
INFO  @ 17 Jul 2026 19:41:44: [298 MB]  5000000 reads parsed 
INFO  @ 17 Jul 2026 19:41:47: [300 MB]  6000000 reads parsed 
INFO  @ 17 Jul 2026 19:41:50: [304 MB]  7000000 reads parsed 
INFO  @ 17 Jul 2026 19:41:53: [308 MB]  8000000 reads parsed 
INFO  @ 17 Jul 2026 19:41:56: [313 MB]  9000000 reads parsed 
INFO  @ 17 Jul 2026 19:41:59: [316 MB]  10000000 reads parsed 
INFO  @ 17 Jul 2026 19:42:02: [321 MB]  11000000 reads parsed 
INFO  @ 17 Jul 2026 19:42:05: [328 MB]  12000000 reads parsed 
INFO  @ 17 Jul 2026 19:42:09: [330 MB]  13000000 reads parsed 
INFO  @ 17 Jul 2026 19:42:12: [337 MB]  14000000 reads parsed 
INFO  @ 17 Jul 2026 19:42:15: [341 MB]  15000000 reads parsed 
INFO  @ 17 Jul 2026 19:42:18: [344 MB]  16000000 reads parsed 
INFO  @ 17 Jul 2026 19:42:21: [348 MB]  17000000 reads parsed 
INFO  @ 17 Jul 2026 19:42:24: [354 MB]  18000000 reads parsed 
INFO  @ 17 Jul 2026 19:42:27: [358 MB]  19000000 reads parsed 
INFO  @ 17 Jul 2026 19:42:30: [364 MB]  20000000 reads parsed 
INFO  @ 17 Jul 2026 19:42:31: [385 MB] 20237335 reads have been read. 
INFO  @ 17 Jul 2026 19:42:31: [385 MB] #1 tag size is determined as 100 bps 
INFO  @ 17 Jul 2026 19:42:31: [385 MB] #1 tag size = 100.0 
INFO  @ 17 Jul 2026 19:42:31: [385 MB] #1  total tags in treatment: 43689848 
INFO  @ 17 Jul 2026 19:42:31: [385 MB] #1 user defined the maximum tags... 
INFO  @ 17 Jul 2026 19:42:31: [385 MB] #1 filter out redundant tags at the same location and the same strand by allowing at most 1 tag(s) 
INFO  @ 17 Jul 2026 19:42:40: [446 MB] #1  tags after filtering in treatment: 31608721 
INFO  @ 17 Jul 2026 19:42:40: [446 MB] #1  Redundant rate of treatment: 0.28 
INFO  @ 17 Jul 2026 19:42:40: [446 MB] #1  total tags in control: 20237335 
INFO  @ 17 Jul 2026 19:42:40: [446 MB] #1 user defined the maximum tags... 
INFO  @ 17 Jul 2026 19:42:40: [446 MB] #1 filter out redundant tags at the same location and the same strand by allowing at most 1 tag(s) 
INFO  @ 17 Jul 2026 19:42:44: [494 MB] #1  tags after filtering in control: 17321625 
INFO  @ 17 Jul 2026 19:42:44: [494 MB] #1  Redundant rate of control: 0.14 
INFO  @ 17 Jul 2026 19:42:44: [494 MB] #1 finished! 
INFO  @ 17 Jul 2026 19:42:44: [494 MB] #2 Build Peak Model... 
INFO  @ 17 Jul 2026 19:42:44: [494 MB] #2 looking for paired plus/minus strand peaks... 
INFO  @ 17 Jul 2026 19:42:58: [502 MB] #2 Total number of paired peaks: 3643 
INFO  @ 17 Jul 2026 19:43:02: [502 MB] #2 Model building with cross-correlation: Done 
INFO  @ 17 Jul 2026 19:43:02: [502 MB] #2 finished! 
INFO  @ 17 Jul 2026 19:43:02: [502 MB] #2 predicted fragment length is 186 bps 
INFO  @ 17 Jul 2026 19:43:02: [502 MB] #2 alternative fragment length(s) may be 186 bps 
INFO  @ 17 Jul 2026 19:43:02: [502 MB] #2.2 Generate R script for model : /home/yq139/alu_brca/part5_dose_switch/results/macs_real/ER_100pM_real_model.r 
WARNING @ 17 Jul 2026 19:43:02: [502 MB] #2 Since the d (186) calculated from paired-peaks are smaller than 2*tag length, it may be influenced by unknown sequencing problem! 
WARNING @ 17 Jul 2026 19:43:02: [502 MB] #2 You may need to consider one of the other alternative d(s): 186 
WARNING @ 17 Jul 2026 19:43:02: [502 MB] #2 You can restart the process with --nomodel --extsize XXX with your choice or an arbitrary number. Nontheless, MACS will continute computing. 
INFO  @ 17 Jul 2026 19:43:02: [502 MB] #3 Call peaks... 
INFO  @ 17 Jul 2026 19:43:02: [502 MB] #3 Pre-compute pvalue-qvalue table... 
INFO  @ 17 Jul 2026 19:47:49: [1335 MB] #3 Call peaks for each chromosome... 
INFO  @ 17 Jul 2026 19:48:46: [1335 MB] #4 Write output xls file... /home/yq139/alu_brca/part5_dose_switch/results/macs_real/ER_100pM_real_peaks.xls 
INFO  @ 17 Jul 2026 19:48:46: [1335 MB] #4 Write peak in narrowPeak format file... /home/yq139/alu_brca/part5_dose_switch/results/macs_real/ER_100pM_real_peaks.narrowPeak 
INFO  @ 17 Jul 2026 19:48:46: [1335 MB] #4 Write summits bed file... /home/yq139/alu_brca/part5_dose_switch/results/macs_real/ER_100pM_real_summits.bed 
INFO  @ 17 Jul 2026 19:48:46: [1335 MB] Done! 
